// Jest Snapshot v1, https://goo.gl/fbAQLP

exports[`<Item/> renders and matches the snapshot 1`] = `
<ItemStyles__StyledItem>
  <img
    alt="Green Shoe"
    src="shoe.jpg"
  />
  <Item__Title>
    <Link
      href={
        Object {
          "pathname": "/item",
          "query": Object {
            "id": "12eadsfasf",
          },
        }
      }
    >
      <a>
        Green Shoe
      </a>
    </Link>
  </Item__Title>
  <p>
    Trainer
  </p>
  <p>
    $50.00
  </p>
  <Item__ItemButtons>
    <Link
      href={
        Object {
          "pathname": "/update",
          "query": Object {
            "id": "12eadsfasf",
          },
        }
      }
    >
      <a
        id="editButton"
      >
         Edit 
      </a>
    </Link>
    <AddToCart
      id="12eadsfasf"
    />
    <DeleteItem
      id="12eadsfasf"
    >
      Delete
    </DeleteItem>
  </Item__ItemButtons>
</ItemStyles__StyledItem>
`;
