// Jest Snapshot v1, https://goo.gl/fbAQLP

exports[`<Item/> renders and matches the snapshot 1`] = `
<div>
  <div
    class="ItemStyles__StyledItem-sc-2ja5ol-1 dXvgRY"
  >
    <img
      alt="dogs are the best"
      src="dog.jpg"
    />
    <div
      class="Item__Title-gl8sfg-0 huNLuC"
    >
      <a
        href="/item?id=123"
      >
        dogs are the best
      </a>
    </div>
    <p>
      dogs description
    </p>
    <p>
      $50.00
    </p>
    <div
      class="Item__ItemButtons-gl8sfg-1 fydofk"
    >
      <a
        href="/update?id=123"
        id="editButton"
      >
         Edit 
      </a>
      <button
        type="button"
      >
        Add to Cart
      </button>
      <button>
        Delete
      </button>
    </div>
  </div>
</div>
`;
